Starting project at C:\Users\swon7\yeti-frontend
Starting Metro Bundler
warning: Bundler cache is empty, rebuilding (this may take a minute)
Waiting on http://localhost:8099
Logs for your project will appear below.
Web .\index.js ▓▓░░░░░░░░░░░░░░ 17.7% ( 8/19)
Web .\index.js ▓▓▓▓▓▓▓▓▓▓▓░░░░░ 69.4% (35/42)
Web .\index.js ▓▓▓▓▓▓▓▓▓▓▓░░░░░ 73.5% (149/203)
Web .\index.js ▓▓▓▓▓▓▓▓▓▓▓▓▓▓▓░ 99.4% (314/315)
Web Bundled 13646ms index.js (317 modules)
 LOG  [web] Logs will appear in the browser console
Web .\index.js ░░░░░░░░░░░░░░░░  0.0% (0/1)
Web Bundled 37ms index.js (1 module)
 LOG  [web] Logs will appear in the browser console
Web .\index.js ░░░░░░░░░░░░░░░░  0.0% (0/1)
Web Bundled 37ms index.js (1 module)
 LOG  [web] Logs will appear in the browser console
Web .\index.js ░░░░░░░░░░░░░░░░  0.0% (0/1)
Web Bundled 37ms index.js (1 module)
 LOG  [web] Logs will appear in the browser console
Web .\index.js ░░░░░░░░░░░░░░░░  0.0% (0/1)
Web Bundled 28ms index.js (1 module)
 LOG  [web] Logs will appear in the browser console
Web .\index.js ░░░░░░░░░░░░░░░░  0.0% (0/1)
Web Bundled 30ms index.js (1 module)
 LOG  [web] Logs will appear in the browser console
Web .\index.js ░░░░░░░░░░░░░░░░  0.0% (0/1)
Web Bundled 45ms index.js (1 module)
 LOG  [web] Logs will appear in the browser console
Web .\index.js ░░░░░░░░░░░░░░░░  0.0% (0/1)
Web Bundled 30ms index.js (1 module)
 LOG  [web] Logs will appear in the browser console
Web .\index.js ░░░░░░░░░░░░░░░░  0.0% (0/1)
Web Bundled 16ms index.js (1 module)
 LOG  [web] Logs will appear in the browser console
Web .\index.js ░░░░░░░░░░░░░░░░  0.0% (0/1)
Web Bundled 17ms index.js (1 module)
 LOG  [web] Logs will appear in the browser console
Web .\index.js ░░░░░░░░░░░░░░░░  0.0% (0/1)
Web Bundled 19ms index.js (1 module)
 LOG  [web] Logs will appear in the browser console
Web .\index.js ░░░░░░░░░░░░░░░░  0.0% (0/1)
Web Bundled 49ms index.js (1 module)
 LOG  [web] Logs will appear in the browser console
Web .\index.js ░░░░░░░░░░░░░░░░  0.0% (0/1)
Web Bundled 28ms index.js (1 module)
 LOG  [web] Logs will appear in the browser console
Web .\index.js ░░░░░░░░░░░░░░░░  0.0% (0/1)
Web Bundled 28ms index.js (1 module)
 LOG  [web] Logs will appear in the browser console
Web .\index.js ░░░░░░░░░░░░░░░░  0.0% (0/1)
Web Bundled 12ms index.js (1 module)
 LOG  [web] Logs will appear in the browser console
Web .\index.js ░░░░░░░░░░░░░░░░  0.0% (0/1)
Web Bundled 20ms index.js (1 module)
Web Bundled 23ms index.js (1 module)
 LOG  [web] Logs will appear in the browser console
 LOG  [web] Logs will appear in the browser console
 ERROR  Error: Error while parsing JSON - Expected double-quoted property name in JSON at position 276 (line 13 column 1)
    at C:\Users\swon7\yeti-frontend\package.json
    at Object.transformSync (C:\Users\swon7\yeti-frontend\node_modules\@babel\core\lib\transform.js:40:76)
    at parseWithBabel (C:\Users\swon7\yeti-frontend\node_modules\expo\node_modules\@expo\metro-config\build\transformSync.js:75:18)
    at transformSync (C:\Users\swon7\yeti-frontend\node_modules\expo\node_modules\@expo\metro-config\build\transformSync.js:64:12)
    at Object.transform (C:\Users\swon7\yeti-frontend\node_modules\expo\node_modules\@expo\metro-config\build\babel-transformer.js:127:58)
    at transformJSWithBabel (C:\Users\swon7\yeti-frontend\node_modules\expo\node_modules\@expo\metro-config\build\transform-worker\metro-transform-worker.js:468:47)
    at Object.transform (C:\Users\swon7\yeti-frontend\node_modules\expo\node_modules\@expo\metro-config\build\transform-worker\metro-transform-worker.js:583:12)
    at Object.transform (C:\Users\swon7\yeti-frontend\node_modules\expo\node_modules\@expo\metro-config\build\transform-worker\transform-worker.js:178:19)
    at transformFile (C:\Users\swon7\yeti-frontend\node_modules\metro\src\DeltaBundler\Worker.flow.js:67:36)
    at Object.transform (C:\Users\swon7\yeti-frontend\node_modules\metro\src\DeltaBundler\Worker.flow.js:42:10)
    at execFunction (C:\Users\swon7\yeti-frontend\node_modules\jest-worker\build\workers\processChild.js:149:17)
    at execHelper (C:\Users\swon7\yeti-frontend\node_modules\jest-worker\build\workers\processChild.js:137:5)
    at execMethod (C:\Users\swon7\yeti-frontend\node_modules\jest-worker\build\workers\processChild.js:140:5)
    at process.messageListener (C:\Users\swon7\yeti-frontend\node_modules\jest-worker\build\workers\processChild.js:44:7)
    at process.emit (node:events:508:28)
    at emit (node:internal/child_process:933:14)
 ERROR  Error: Error while parsing JSON - Unexpected token '﻿', "﻿{
  "nam"... is not valid JSON
    at C:\Users\swon7\yeti-frontend\package.json
    at Object.transformSync (C:\Users\swon7\yeti-frontend\node_modules\@babel\core\lib\transform.js:40:76)
    at parseWithBabel (C:\Users\swon7\yeti-frontend\node_modules\expo\node_modules\@expo\metro-config\build\transformSync.js:75:18)
    at transformSync (C:\Users\swon7\yeti-frontend\node_modules\expo\node_modules\@expo\metro-config\build\transformSync.js:64:12)
    at Object.transform (C:\Users\swon7\yeti-frontend\node_modules\expo\node_modules\@expo\metro-config\build\babel-transformer.js:127:58)
    at transformJSWithBabel (C:\Users\swon7\yeti-frontend\node_modules\expo\node_modules\@expo\metro-config\build\transform-worker\metro-transform-worker.js:468:47)
    at Object.transform (C:\Users\swon7\yeti-frontend\node_modules\expo\node_modules\@expo\metro-config\build\transform-worker\metro-transform-worker.js:583:12)
    at Object.transform (C:\Users\swon7\yeti-frontend\node_modules\expo\node_modules\@expo\metro-config\build\transform-worker\transform-worker.js:178:19)
    at transformFile (C:\Users\swon7\yeti-frontend\node_modules\metro\src\DeltaBundler\Worker.flow.js:67:36)
    at Object.transform (C:\Users\swon7\yeti-frontend\node_modules\metro\src\DeltaBundler\Worker.flow.js:42:10)
    at execFunction (C:\Users\swon7\yeti-frontend\node_modules\jest-worker\build\workers\processChild.js:149:17)
    at execHelper (C:\Users\swon7\yeti-frontend\node_modules\jest-worker\build\workers\processChild.js:137:5)
    at execMethod (C:\Users\swon7\yeti-frontend\node_modules\jest-worker\build\workers\processChild.js:140:5)
    at process.messageListener (C:\Users\swon7\yeti-frontend\node_modules\jest-worker\build\workers\processChild.js:44:7)
    at process.emit (node:events:508:28)
    at emit (node:internal/child_process:933:14)
 ERROR  Error: Error while parsing JSON - Unexpected token '﻿', "﻿{
  "nam"... is not valid JSON
    at C:\Users\swon7\yeti-frontend\package.json
    at Object.transformSync (C:\Users\swon7\yeti-frontend\node_modules\@babel\core\lib\transform.js:40:76)
    at parseWithBabel (C:\Users\swon7\yeti-frontend\node_modules\expo\node_modules\@expo\metro-config\build\transformSync.js:75:18)
    at transformSync (C:\Users\swon7\yeti-frontend\node_modules\expo\node_modules\@expo\metro-config\build\transformSync.js:64:12)
    at Object.transform (C:\Users\swon7\yeti-frontend\node_modules\expo\node_modules\@expo\metro-config\build\babel-transformer.js:127:58)
    at transformJSWithBabel (C:\Users\swon7\yeti-frontend\node_modules\expo\node_modules\@expo\metro-config\build\transform-worker\metro-transform-worker.js:468:47)
    at Object.transform (C:\Users\swon7\yeti-frontend\node_modules\expo\node_modules\@expo\metro-config\build\transform-worker\metro-transform-worker.js:583:12)
    at Object.transform (C:\Users\swon7\yeti-frontend\node_modules\expo\node_modules\@expo\metro-config\build\transform-worker\transform-worker.js:178:19)
    at transformFile (C:\Users\swon7\yeti-frontend\node_modules\metro\src\DeltaBundler\Worker.flow.js:67:36)
    at Object.transform (C:\Users\swon7\yeti-frontend\node_modules\metro\src\DeltaBundler\Worker.flow.js:42:10)
    at execFunction (C:\Users\swon7\yeti-frontend\node_modules\jest-worker\build\workers\processChild.js:149:17)
    at execHelper (C:\Users\swon7\yeti-frontend\node_modules\jest-worker\build\workers\processChild.js:137:5)
    at execMethod (C:\Users\swon7\yeti-frontend\node_modules\jest-worker\build\workers\processChild.js:140:5)
    at process.messageListener (C:\Users\swon7\yeti-frontend\node_modules\jest-worker\build\workers\processChild.js:44:7)
    at process.emit (node:events:508:28)
    at emit (node:internal/child_process:933:14)
 ERROR  Error: Error while parsing JSON - Unexpected token '﻿', "﻿{
  "nam"... is not valid JSON
    at C:\Users\swon7\yeti-frontend\package.json
    at Object.transformSync (C:\Users\swon7\yeti-frontend\node_modules\@babel\core\lib\transform.js:40:76)
    at parseWithBabel (C:\Users\swon7\yeti-frontend\node_modules\expo\node_modules\@expo\metro-config\build\transformSync.js:75:18)
    at transformSync (C:\Users\swon7\yeti-frontend\node_modules\expo\node_modules\@expo\metro-config\build\transformSync.js:64:12)
    at Object.transform (C:\Users\swon7\yeti-frontend\node_modules\expo\node_modules\@expo\metro-config\build\babel-transformer.js:127:58)
    at transformJSWithBabel (C:\Users\swon7\yeti-frontend\node_modules\expo\node_modules\@expo\metro-config\build\transform-worker\metro-transform-worker.js:468:47)
    at Object.transform (C:\Users\swon7\yeti-frontend\node_modules\expo\node_modules\@expo\metro-config\build\transform-worker\metro-transform-worker.js:583:12)
    at Object.transform (C:\Users\swon7\yeti-frontend\node_modules\expo\node_modules\@expo\metro-config\build\transform-worker\transform-worker.js:178:19)
    at transformFile (C:\Users\swon7\yeti-frontend\node_modules\metro\src\DeltaBundler\Worker.flow.js:67:36)
    at Object.transform (C:\Users\swon7\yeti-frontend\node_modules\metro\src\DeltaBundler\Worker.flow.js:42:10)
    at execFunction (C:\Users\swon7\yeti-frontend\node_modules\jest-worker\build\workers\processChild.js:149:17)
    at execHelper (C:\Users\swon7\yeti-frontend\node_modules\jest-worker\build\workers\processChild.js:137:5)
    at execMethod (C:\Users\swon7\yeti-frontend\node_modules\jest-worker\build\workers\processChild.js:140:5)
    at process.messageListener (C:\Users\swon7\yeti-frontend\node_modules\jest-worker\build\workers\processChild.js:44:7)
    at process.emit (node:events:508:28)
    at emit (node:internal/child_process:933:14)
 ERROR  Error: Error while parsing JSON - Unexpected token '﻿', "﻿{
  "nam"... is not valid JSON
    at C:\Users\swon7\yeti-frontend\package.json
    at Object.transformSync (C:\Users\swon7\yeti-frontend\node_modules\@babel\core\lib\transform.js:40:76)
    at parseWithBabel (C:\Users\swon7\yeti-frontend\node_modules\expo\node_modules\@expo\metro-config\build\transformSync.js:75:18)
    at transformSync (C:\Users\swon7\yeti-frontend\node_modules\expo\node_modules\@expo\metro-config\build\transformSync.js:64:12)
    at Object.transform (C:\Users\swon7\yeti-frontend\node_modules\expo\node_modules\@expo\metro-config\build\babel-transformer.js:127:58)
    at transformJSWithBabel (C:\Users\swon7\yeti-frontend\node_modules\expo\node_modules\@expo\metro-config\build\transform-worker\metro-transform-worker.js:468:47)
    at Object.transform (C:\Users\swon7\yeti-frontend\node_modules\expo\node_modules\@expo\metro-config\build\transform-worker\metro-transform-worker.js:583:12)
    at Object.transform (C:\Users\swon7\yeti-frontend\node_modules\expo\node_modules\@expo\metro-config\build\transform-worker\transform-worker.js:178:19)
    at transformFile (C:\Users\swon7\yeti-frontend\node_modules\metro\src\DeltaBundler\Worker.flow.js:67:36)
    at Object.transform (C:\Users\swon7\yeti-frontend\node_modules\metro\src\DeltaBundler\Worker.flow.js:42:10)
    at execFunction (C:\Users\swon7\yeti-frontend\node_modules\jest-worker\build\workers\processChild.js:149:17)
    at execHelper (C:\Users\swon7\yeti-frontend\node_modules\jest-worker\build\workers\processChild.js:137:5)
    at execMethod (C:\Users\swon7\yeti-frontend\node_modules\jest-worker\build\workers\processChild.js:140:5)
    at process.messageListener (C:\Users\swon7\yeti-frontend\node_modules\jest-worker\build\workers\processChild.js:44:7)
    at process.emit (node:events:508:28)
    at emit (node:internal/child_process:933:14)
